error: expected `impl`
 --> tests/compile_fail/state/not_on_impl.rs:7:5
  |
7 |     struct Bottom {}
  |     ^^^^^^
