error: `moku::State` must be implemented on a plain struct
  --> tests/compile_fail/state/state_impl_on_ref.rs:16:33
   |
16 |     impl State<BlinkyState> for &Bottom {}
   |                                 ^
