error: the `State::Superstates` associated type must not be manually defined
  --> tests/compile_fail/state/superstates_type_defined.rs:17:9
   |
17 |         type Superstates<'a> = std::marker::PhantomData<&'a ()>;
   |         ^^^^
